// Jest Snapshot v1, https://goo.gl/fbAQLP

exports[`Warning Snapshots Warning 1`] = `
<svg
  fill="currentColor"
  height="24"
  viewBox="0 0 32 32"
  width="24"
>
  <path
    d="M16 3.22l-.88 1.5-12 20.78-.84 1.5h27.44l-.84-1.5-12-20.78zm0 4L26.25 25H5.75zM15 14v6h2v-6zm0 7v2h2v-2z"
  />
</svg>
`;
