// Jest Snapshot v1, https://goo.gl/fbAQLP

exports[`FullScreenLoader Snapshots Messages 1`] = `
<div
  className="sc-AykKD qTwxj"
>
  <div
    className="sc-AykKE JrrJb"
  >
    <div
      className="sc-AykKF hjDALQ"
    >
      
      <div
        className="sc-AykKH bOUeSd"
      >
        hei
      </div>
    </div>
  </div>
</div>
`;

exports[`FullScreenLoader Snapshots Multiple words 1`] = `
<div
  className="sc-AykKD qTwxj"
>
  <div
    className="sc-AykKE JrrJb"
  >
    <div
      className="sc-AykKF hjDALQ"
    >
      
      <div
        className="sc-AykKH bOUeSd"
      >
        hei
      </div>
    </div>
  </div>
</div>
`;

exports[`FullScreenLoader Snapshots invalid Messages 1`] = `
<div
  className="sc-AykKD qTwxj"
>
  <div
    className="sc-AykKE JrrJb"
  >
    <div
      className="sc-AykKF hjDALQ"
    >
      
      <div
        className="sc-AykKH bOUeSd"
      >
        h
      </div>
    </div>
  </div>
</div>
`;
