// Jest Snapshot v1, https://goo.gl/fbAQLP

exports[`Odometer Snapshots No props 1`] = `
<div
  className="sc-AykKH fIueVJ"
  size={32}
>
  <div
    className="sc-AykKF bsqvYw"
  >
    <div
      className="sc-AykKG hivkXU"
    >
      <div
        className="sc-AykKC iFSbYa"
        size={32}
      >
        <div
          className="sc-AykKD mFyTn"
          size={32}
          speed={500}
        >
          0
        </div>
      </div>
    </div>
    <div
      className="sc-AykKG hivkXU"
    >
      <div
        className="sc-AykKC dNUxlM"
        size={32}
      >
        <div
          className="sc-AykKD mFyTn"
          size={32}
          speed={500}
        >
          
        </div>
      </div>
    </div>
  </div>
  <div
    className="sc-AykKE nmeVQ"
  >
    <div
      className="sc-AykKG hivkXU"
    >
      <div
        className="sc-AykKC iFSbYa"
        size={32}
      >
        <div
          className="sc-AykKD btghud"
          size={32}
          speed={500}
        >
          0 1 2 3 4 5 6 7 8 9 0
        </div>
      </div>
    </div>
    <div
      className="sc-AykKG hivkXU"
    >
      <div
        className="sc-AykKC dNUxlM"
        size={32}
      >
        <div
          className="sc-AykKD jEkgQB"
          size={32}
          speed={500}
        >
          
        </div>
      </div>
    </div>
  </div>
</div>
`;

exports[`Odometer Snapshots Number 1`] = `
<div
  className="sc-AykKH fIueVJ"
  size={32}
>
  <div
    className="sc-AykKF bsqvYw"
  >
    <div
      className="sc-AykKG hivkXU"
    >
      <div
        className="sc-AykKC iFSbYa"
        size={32}
      >
        <div
          className="sc-AykKD mFyTn"
          size={32}
          speed={500}
        >
          1
        </div>
      </div>
    </div>
    <div
      className="sc-AykKG hivkXU"
    >
      <div
        className="sc-AykKC iFSbYa"
        size={32}
      >
        <div
          className="sc-AykKD mFyTn"
          size={32}
          speed={500}
        >
          0
        </div>
      </div>
    </div>
    <div
      className="sc-AykKG hivkXU"
    >
      <div
        className="sc-AykKC dNUxlM"
        size={32}
      >
        <div
          className="sc-AykKD mFyTn"
          size={32}
          speed={500}
        >
          
        </div>
      </div>
    </div>
    <div
      className="sc-AykKG hivkXU"
    >
      <div
        className="sc-AykKC iFSbYa"
        size={32}
      >
        <div
          className="sc-AykKD mFyTn"
          size={32}
          speed={500}
        >
          0
        </div>
      </div>
    </div>
    <div
      className="sc-AykKG hivkXU"
    >
      <div
        className="sc-AykKC iFSbYa"
        size={32}
      >
        <div
          className="sc-AykKD mFyTn"
          size={32}
          speed={500}
        >
          0
        </div>
      </div>
    </div>
    <div
      className="sc-AykKG hivkXU"
    >
      <div
        className="sc-AykKC iFSbYa"
        size={32}
      >
        <div
          className="sc-AykKD mFyTn"
          size={32}
          speed={500}
        >
          0
        </div>
      </div>
    </div>
    <div
      className="sc-AykKG hivkXU"
    >
      <div
        className="sc-AykKC dNUxlM"
        size={32}
      >
        <div
          className="sc-AykKD mFyTn"
          size={32}
          speed={500}
        >
          
        </div>
      </div>
    </div>
  </div>
  <div
    className="sc-AykKE nmeVQ"
  >
    <div
      className="sc-AykKG hivkXU"
    >
      <div
        className="sc-AykKC iFSbYa"
        size={32}
      >
        <div
          className="sc-AykKD jaOeyL"
          size={32}
          speed={500}
        >
          0 1 2 3 4 5 6 7 8 9 0
        </div>
      </div>
    </div>
    <div
      className="sc-AykKG hivkXU"
    >
      <div
        className="sc-AykKC iFSbYa"
        size={32}
      >
        <div
          className="sc-AykKD btghud"
          size={32}
          speed={500}
        >
          0 1 2 3 4 5 6 7 8 9 0
        </div>
      </div>
    </div>
    <div
      className="sc-AykKG hivkXU"
    >
      <div
        className="sc-AykKC dNUxlM"
        size={32}
      >
        <div
          className="sc-AykKD jEkgQB"
          size={32}
          speed={500}
        >
          
        </div>
      </div>
    </div>
    <div
      className="sc-AykKG hivkXU"
    >
      <div
        className="sc-AykKC iFSbYa"
        size={32}
      >
        <div
          className="sc-AykKD btghud"
          size={32}
          speed={500}
        >
          0 1 2 3 4 5 6 7 8 9 0
        </div>
      </div>
    </div>
    <div
      className="sc-AykKG hivkXU"
    >
      <div
        className="sc-AykKC iFSbYa"
        size={32}
      >
        <div
          className="sc-AykKD btghud"
          size={32}
          speed={500}
        >
          0 1 2 3 4 5 6 7 8 9 0
        </div>
      </div>
    </div>
    <div
      className="sc-AykKG hivkXU"
    >
      <div
        className="sc-AykKC iFSbYa"
        size={32}
      >
        <div
          className="sc-AykKD btghud"
          size={32}
          speed={500}
        >
          0 1 2 3 4 5 6 7 8 9 0
        </div>
      </div>
    </div>
    <div
      className="sc-AykKG hivkXU"
    >
      <div
        className="sc-AykKC dNUxlM"
        size={32}
      >
        <div
          className="sc-AykKD jEkgQB"
          size={32}
          speed={500}
        >
          
        </div>
      </div>
    </div>
  </div>
</div>
`;

exports[`Odometer Snapshots Size 1`] = `
<div
  className="sc-AykKH eCyJwk"
  size={80}
>
  <div
    className="sc-AykKF bsqvYw"
  >
    <div
      className="sc-AykKG hivkXU"
    >
      <div
        className="sc-AykKC gbWNzG"
        size={80}
      >
        <div
          className="sc-AykKD heuYLW"
          size={80}
          speed={500}
        >
          1
        </div>
      </div>
    </div>
    <div
      className="sc-AykKG hivkXU"
    >
      <div
        className="sc-AykKC imcNnE"
        size={80}
      >
        <div
          className="sc-AykKD heuYLW"
          size={80}
          speed={500}
        >
          
        </div>
      </div>
    </div>
    <div
      className="sc-AykKG hivkXU"
    >
      <div
        className="sc-AykKC gbWNzG"
        size={80}
      >
        <div
          className="sc-AykKD heuYLW"
          size={80}
          speed={500}
        >
          0
        </div>
      </div>
    </div>
    <div
      className="sc-AykKG hivkXU"
    >
      <div
        className="sc-AykKC gbWNzG"
        size={80}
      >
        <div
          className="sc-AykKD heuYLW"
          size={80}
          speed={500}
        >
          0
        </div>
      </div>
    </div>
    <div
      className="sc-AykKG hivkXU"
    >
      <div
        className="sc-AykKC gbWNzG"
        size={80}
      >
        <div
          className="sc-AykKD heuYLW"
          size={80}
          speed={500}
        >
          0
        </div>
      </div>
    </div>
    <div
      className="sc-AykKG hivkXU"
    >
      <div
        className="sc-AykKC gbWNzG"
        size={80}
      >
        <div
          className="sc-AykKD heuYLW"
          size={80}
          speed={500}
        >
          0
        </div>
      </div>
    </div>
    <div
      className="sc-AykKG hivkXU"
    >
      <div
        className="sc-AykKC gbWNzG"
        size={80}
      >
        <div
          className="sc-AykKD heuYLW"
          size={80}
          speed={500}
        >
          0
        </div>
      </div>
    </div>
    <div
      className="sc-AykKG hivkXU"
    >
      <div
        className="sc-AykKC imcNnE"
        size={80}
      >
        <div
          className="sc-AykKD heuYLW"
          size={80}
          speed={500}
        >
          
        </div>
      </div>
    </div>
  </div>
  <div
    className="sc-AykKE nmeVQ"
  >
    <div
      className="sc-AykKG hivkXU"
    >
      <div
        className="sc-AykKC gbWNzG"
        size={80}
      >
        <div
          className="sc-AykKD bwFncq"
          size={80}
          speed={500}
        >
          0 1 2 3 4 5 6 7 8 9 0
        </div>
      </div>
    </div>
    <div
      className="sc-AykKG hivkXU"
    >
      <div
        className="sc-AykKC imcNnE"
        size={80}
      >
        <div
          className="sc-AykKD fzpUgU"
          size={80}
          speed={500}
        >
          
        </div>
      </div>
    </div>
    <div
      className="sc-AykKG hivkXU"
    >
      <div
        className="sc-AykKC gbWNzG"
        size={80}
      >
        <div
          className="sc-AykKD fesZwE"
          size={80}
          speed={500}
        >
          0 1 2 3 4 5 6 7 8 9 0
        </div>
      </div>
    </div>
    <div
      className="sc-AykKG hivkXU"
    >
      <div
        className="sc-AykKC gbWNzG"
        size={80}
      >
        <div
          className="sc-AykKD fesZwE"
          size={80}
          speed={500}
        >
          0 1 2 3 4 5 6 7 8 9 0
        </div>
      </div>
    </div>
    <div
      className="sc-AykKG hivkXU"
    >
      <div
        className="sc-AykKC gbWNzG"
        size={80}
      >
        <div
          className="sc-AykKD fesZwE"
          size={80}
          speed={500}
        >
          0 1 2 3 4 5 6 7 8 9 0
        </div>
      </div>
    </div>
    <div
      className="sc-AykKG hivkXU"
    >
      <div
        className="sc-AykKC gbWNzG"
        size={80}
      >
        <div
          className="sc-AykKD fesZwE"
          size={80}
          speed={500}
        >
          0 1 2 3 4 5 6 7 8 9 0
        </div>
      </div>
    </div>
    <div
      className="sc-AykKG hivkXU"
    >
      <div
        className="sc-AykKC gbWNzG"
        size={80}
      >
        <div
          className="sc-AykKD fesZwE"
          size={80}
          speed={500}
        >
          0 1 2 3 4 5 6 7 8 9 0
        </div>
      </div>
    </div>
    <div
      className="sc-AykKG hivkXU"
    >
      <div
        className="sc-AykKC imcNnE"
        size={80}
      >
        <div
          className="sc-AykKD fzpUgU"
          size={80}
          speed={500}
        >
          
        </div>
      </div>
    </div>
  </div>
</div>
`;

exports[`Odometer Snapshots invalid number 1`] = `
<div
  className="sc-AykKH fIueVJ"
  size={32}
>
  <div
    className="sc-AykKF bsqvYw"
  >
    <div
      className="sc-AykKG hivkXU"
    >
      <div
        className="sc-AykKC iFSbYa"
        size={32}
      >
        <div
          className="sc-AykKD mFyTn"
          size={32}
          speed={500}
        >
          1
        </div>
      </div>
    </div>
    <div
      className="sc-AykKG hivkXU"
    >
      <div
        className="sc-AykKC iFSbYa"
        size={32}
      >
        <div
          className="sc-AykKD mFyTn"
          size={32}
          speed={500}
        >
          0
        </div>
      </div>
    </div>
    <div
      className="sc-AykKG hivkXU"
    >
      <div
        className="sc-AykKC iFSbYa"
        size={32}
      >
        <div
          className="sc-AykKD mFyTn"
          size={32}
          speed={500}
        >
          0
        </div>
      </div>
    </div>
    <div
      className="sc-AykKG hivkXU"
    >
      <div
        className="sc-AykKC dNUxlM"
        size={32}
      >
        <div
          className="sc-AykKD mFyTn"
          size={32}
          speed={500}
        >
          
        </div>
      </div>
    </div>
  </div>
  <div
    className="sc-AykKE nmeVQ"
  >
    <div
      className="sc-AykKG hivkXU"
    >
      <div
        className="sc-AykKC iFSbYa"
        size={32}
      >
        <div
          className="sc-AykKD jaOeyL"
          size={32}
          speed={500}
        >
          0 1 2 3 4 5 6 7 8 9 0
        </div>
      </div>
    </div>
    <div
      className="sc-AykKG hivkXU"
    >
      <div
        className="sc-AykKC iFSbYa"
        size={32}
      >
        <div
          className="sc-AykKD btghud"
          size={32}
          speed={500}
        >
          0 1 2 3 4 5 6 7 8 9 0
        </div>
      </div>
    </div>
    <div
      className="sc-AykKG hivkXU"
    >
      <div
        className="sc-AykKC iFSbYa"
        size={32}
      >
        <div
          className="sc-AykKD btghud"
          size={32}
          speed={500}
        >
          0 1 2 3 4 5 6 7 8 9 0
        </div>
      </div>
    </div>
    <div
      className="sc-AykKG hivkXU"
    >
      <div
        className="sc-AykKC dNUxlM"
        size={32}
      >
        <div
          className="sc-AykKD jEkgQB"
          size={32}
          speed={500}
        >
          
        </div>
      </div>
    </div>
  </div>
</div>
`;

exports[`Odometer Snapshots invalid separatorSteps 1`] = `
<div
  className="sc-AykKH fIueVJ"
  size={32}
>
  <div
    className="sc-AykKF bsqvYw"
  >
    <div
      className="sc-AykKG hivkXU"
    >
      <div
        className="sc-AykKC iFSbYa"
        size={32}
      >
        <div
          className="sc-AykKD mFyTn"
          size={32}
          speed={500}
        >
          1
        </div>
      </div>
    </div>
    <div
      className="sc-AykKG hivkXU"
    >
      <div
        className="sc-AykKC dNUxlM"
        size={32}
      >
        <div
          className="sc-AykKD mFyTn"
          size={32}
          speed={500}
        >
          
        </div>
      </div>
    </div>
    <div
      className="sc-AykKG hivkXU"
    >
      <div
        className="sc-AykKC iFSbYa"
        size={32}
      >
        <div
          className="sc-AykKD mFyTn"
          size={32}
          speed={500}
        >
          0
        </div>
      </div>
    </div>
    <div
      className="sc-AykKG hivkXU"
    >
      <div
        className="sc-AykKC iFSbYa"
        size={32}
      >
        <div
          className="sc-AykKD mFyTn"
          size={32}
          speed={500}
        >
          0
        </div>
      </div>
    </div>
    <div
      className="sc-AykKG hivkXU"
    >
      <div
        className="sc-AykKC iFSbYa"
        size={32}
      >
        <div
          className="sc-AykKD mFyTn"
          size={32}
          speed={500}
        >
          0
        </div>
      </div>
    </div>
    <div
      className="sc-AykKG hivkXU"
    >
      <div
        className="sc-AykKC iFSbYa"
        size={32}
      >
        <div
          className="sc-AykKD mFyTn"
          size={32}
          speed={500}
        >
          0
        </div>
      </div>
    </div>
    <div
      className="sc-AykKG hivkXU"
    >
      <div
        className="sc-AykKC iFSbYa"
        size={32}
      >
        <div
          className="sc-AykKD mFyTn"
          size={32}
          speed={500}
        >
          0
        </div>
      </div>
    </div>
    <div
      className="sc-AykKG hivkXU"
    >
      <div
        className="sc-AykKC dNUxlM"
        size={32}
      >
        <div
          className="sc-AykKD mFyTn"
          size={32}
          speed={500}
        >
          
        </div>
      </div>
    </div>
  </div>
  <div
    className="sc-AykKE nmeVQ"
  >
    <div
      className="sc-AykKG hivkXU"
    >
      <div
        className="sc-AykKC iFSbYa"
        size={32}
      >
        <div
          className="sc-AykKD jaOeyL"
          size={32}
          speed={500}
        >
          0 1 2 3 4 5 6 7 8 9 0
        </div>
      </div>
    </div>
    <div
      className="sc-AykKG hivkXU"
    >
      <div
        className="sc-AykKC dNUxlM"
        size={32}
      >
        <div
          className="sc-AykKD jEkgQB"
          size={32}
          speed={500}
        >
          
        </div>
      </div>
    </div>
    <div
      className="sc-AykKG hivkXU"
    >
      <div
        className="sc-AykKC iFSbYa"
        size={32}
      >
        <div
          className="sc-AykKD btghud"
          size={32}
          speed={500}
        >
          0 1 2 3 4 5 6 7 8 9 0
        </div>
      </div>
    </div>
    <div
      className="sc-AykKG hivkXU"
    >
      <div
        className="sc-AykKC iFSbYa"
        size={32}
      >
        <div
          className="sc-AykKD btghud"
          size={32}
          speed={500}
        >
          0 1 2 3 4 5 6 7 8 9 0
        </div>
      </div>
    </div>
    <div
      className="sc-AykKG hivkXU"
    >
      <div
        className="sc-AykKC iFSbYa"
        size={32}
      >
        <div
          className="sc-AykKD btghud"
          size={32}
          speed={500}
        >
          0 1 2 3 4 5 6 7 8 9 0
        </div>
      </div>
    </div>
    <div
      className="sc-AykKG hivkXU"
    >
      <div
        className="sc-AykKC iFSbYa"
        size={32}
      >
        <div
          className="sc-AykKD btghud"
          size={32}
          speed={500}
        >
          0 1 2 3 4 5 6 7 8 9 0
        </div>
      </div>
    </div>
    <div
      className="sc-AykKG hivkXU"
    >
      <div
        className="sc-AykKC iFSbYa"
        size={32}
      >
        <div
          className="sc-AykKD btghud"
          size={32}
          speed={500}
        >
          0 1 2 3 4 5 6 7 8 9 0
        </div>
      </div>
    </div>
    <div
      className="sc-AykKG hivkXU"
    >
      <div
        className="sc-AykKC dNUxlM"
        size={32}
      >
        <div
          className="sc-AykKD jEkgQB"
          size={32}
          speed={500}
        >
          
        </div>
      </div>
    </div>
  </div>
</div>
`;

exports[`Odometer Snapshots seperator steps 1`] = `
<div
  className="sc-AykKH fIueVJ"
  size={32}
>
  <div
    className="sc-AykKF bsqvYw"
  >
    <div
      className="sc-AykKG hivkXU"
    >
      <div
        className="sc-AykKC iFSbYa"
        size={32}
      >
        <div
          className="sc-AykKD mFyTn"
          size={32}
          speed={500}
        >
          1
        </div>
      </div>
    </div>
    <div
      className="sc-AykKG hivkXU"
    >
      <div
        className="sc-AykKC dNUxlM"
        size={32}
      >
        <div
          className="sc-AykKD mFyTn"
          size={32}
          speed={500}
        >
          
        </div>
      </div>
    </div>
    <div
      className="sc-AykKG hivkXU"
    >
      <div
        className="sc-AykKC iFSbYa"
        size={32}
      >
        <div
          className="sc-AykKD mFyTn"
          size={32}
          speed={500}
        >
          0
        </div>
      </div>
    </div>
    <div
      className="sc-AykKG hivkXU"
    >
      <div
        className="sc-AykKC iFSbYa"
        size={32}
      >
        <div
          className="sc-AykKD mFyTn"
          size={32}
          speed={500}
        >
          0
        </div>
      </div>
    </div>
    <div
      className="sc-AykKG hivkXU"
    >
      <div
        className="sc-AykKC iFSbYa"
        size={32}
      >
        <div
          className="sc-AykKD mFyTn"
          size={32}
          speed={500}
        >
          0
        </div>
      </div>
    </div>
    <div
      className="sc-AykKG hivkXU"
    >
      <div
        className="sc-AykKC iFSbYa"
        size={32}
      >
        <div
          className="sc-AykKD mFyTn"
          size={32}
          speed={500}
        >
          0
        </div>
      </div>
    </div>
    <div
      className="sc-AykKG hivkXU"
    >
      <div
        className="sc-AykKC iFSbYa"
        size={32}
      >
        <div
          className="sc-AykKD mFyTn"
          size={32}
          speed={500}
        >
          0
        </div>
      </div>
    </div>
    <div
      className="sc-AykKG hivkXU"
    >
      <div
        className="sc-AykKC dNUxlM"
        size={32}
      >
        <div
          className="sc-AykKD mFyTn"
          size={32}
          speed={500}
        >
          
        </div>
      </div>
    </div>
  </div>
  <div
    className="sc-AykKE nmeVQ"
  >
    <div
      className="sc-AykKG hivkXU"
    >
      <div
        className="sc-AykKC iFSbYa"
        size={32}
      >
        <div
          className="sc-AykKD jaOeyL"
          size={32}
          speed={500}
        >
          0 1 2 3 4 5 6 7 8 9 0
        </div>
      </div>
    </div>
    <div
      className="sc-AykKG hivkXU"
    >
      <div
        className="sc-AykKC dNUxlM"
        size={32}
      >
        <div
          className="sc-AykKD jEkgQB"
          size={32}
          speed={500}
        >
          
        </div>
      </div>
    </div>
    <div
      className="sc-AykKG hivkXU"
    >
      <div
        className="sc-AykKC iFSbYa"
        size={32}
      >
        <div
          className="sc-AykKD btghud"
          size={32}
          speed={500}
        >
          0 1 2 3 4 5 6 7 8 9 0
        </div>
      </div>
    </div>
    <div
      className="sc-AykKG hivkXU"
    >
      <div
        className="sc-AykKC iFSbYa"
        size={32}
      >
        <div
          className="sc-AykKD btghud"
          size={32}
          speed={500}
        >
          0 1 2 3 4 5 6 7 8 9 0
        </div>
      </div>
    </div>
    <div
      className="sc-AykKG hivkXU"
    >
      <div
        className="sc-AykKC iFSbYa"
        size={32}
      >
        <div
          className="sc-AykKD btghud"
          size={32}
          speed={500}
        >
          0 1 2 3 4 5 6 7 8 9 0
        </div>
      </div>
    </div>
    <div
      className="sc-AykKG hivkXU"
    >
      <div
        className="sc-AykKC iFSbYa"
        size={32}
      >
        <div
          className="sc-AykKD btghud"
          size={32}
          speed={500}
        >
          0 1 2 3 4 5 6 7 8 9 0
        </div>
      </div>
    </div>
    <div
      className="sc-AykKG hivkXU"
    >
      <div
        className="sc-AykKC iFSbYa"
        size={32}
      >
        <div
          className="sc-AykKD btghud"
          size={32}
          speed={500}
        >
          0 1 2 3 4 5 6 7 8 9 0
        </div>
      </div>
    </div>
    <div
      className="sc-AykKG hivkXU"
    >
      <div
        className="sc-AykKC dNUxlM"
        size={32}
      >
        <div
          className="sc-AykKD jEkgQB"
          size={32}
          speed={500}
        >
          
        </div>
      </div>
    </div>
  </div>
</div>
`;
