// Jest Snapshot v1, https://goo.gl/fbAQLP

exports[`Odometer Snapshots No props 1`] = `
<div
  className="sc-jSgupP cvmQij"
  size={32}
>
  <div
    className="sc-hKgILt kaTOvH"
  >
    <div
      className="sc-eCssSg joIjEk"
    >
      <div
        className="sc-bdfBwQ jaSzlq"
        size={32}
      >
        <div
          className="sc-gsTCUz jwbyBk"
          size={32}
          speed={500}
        >
          0
        </div>
      </div>
    </div>
    <div
      className="sc-eCssSg joIjEk"
    >
      <div
        className="sc-bdfBwQ knTiLa"
        size={32}
      >
        <div
          className="sc-gsTCUz jwbyBk"
          size={32}
          speed={500}
        >
          
        </div>
      </div>
    </div>
  </div>
  <div
    className="sc-dlfnbm iNghfF"
  >
    <div
      className="sc-eCssSg joIjEk"
    >
      <div
        className="sc-bdfBwQ jaSzlq"
        size={32}
      >
        <div
          className="sc-gsTCUz NaqoM"
          size={32}
          speed={500}
        >
          0 1 2 3 4 5 6 7 8 9 0
        </div>
      </div>
    </div>
    <div
      className="sc-eCssSg joIjEk"
    >
      <div
        className="sc-bdfBwQ knTiLa"
        size={32}
      >
        <div
          className="sc-gsTCUz dtabTQ"
          size={32}
          speed={500}
        >
          
        </div>
      </div>
    </div>
  </div>
</div>
`;

exports[`Odometer Snapshots Number 1`] = `
<div
  className="sc-jSgupP cvmQij"
  size={32}
>
  <div
    className="sc-hKgILt kaTOvH"
  >
    <div
      className="sc-eCssSg joIjEk"
    >
      <div
        className="sc-bdfBwQ jaSzlq"
        size={32}
      >
        <div
          className="sc-gsTCUz jwbyBk"
          size={32}
          speed={500}
        >
          1
        </div>
      </div>
    </div>
    <div
      className="sc-eCssSg joIjEk"
    >
      <div
        className="sc-bdfBwQ jaSzlq"
        size={32}
      >
        <div
          className="sc-gsTCUz jwbyBk"
          size={32}
          speed={500}
        >
          0
        </div>
      </div>
    </div>
    <div
      className="sc-eCssSg joIjEk"
    >
      <div
        className="sc-bdfBwQ knTiLa"
        size={32}
      >
        <div
          className="sc-gsTCUz jwbyBk"
          size={32}
          speed={500}
        >
          
        </div>
      </div>
    </div>
    <div
      className="sc-eCssSg joIjEk"
    >
      <div
        className="sc-bdfBwQ jaSzlq"
        size={32}
      >
        <div
          className="sc-gsTCUz jwbyBk"
          size={32}
          speed={500}
        >
          0
        </div>
      </div>
    </div>
    <div
      className="sc-eCssSg joIjEk"
    >
      <div
        className="sc-bdfBwQ jaSzlq"
        size={32}
      >
        <div
          className="sc-gsTCUz jwbyBk"
          size={32}
          speed={500}
        >
          0
        </div>
      </div>
    </div>
    <div
      className="sc-eCssSg joIjEk"
    >
      <div
        className="sc-bdfBwQ jaSzlq"
        size={32}
      >
        <div
          className="sc-gsTCUz jwbyBk"
          size={32}
          speed={500}
        >
          0
        </div>
      </div>
    </div>
    <div
      className="sc-eCssSg joIjEk"
    >
      <div
        className="sc-bdfBwQ knTiLa"
        size={32}
      >
        <div
          className="sc-gsTCUz jwbyBk"
          size={32}
          speed={500}
        >
          
        </div>
      </div>
    </div>
  </div>
  <div
    className="sc-dlfnbm iNghfF"
  >
    <div
      className="sc-eCssSg joIjEk"
    >
      <div
        className="sc-bdfBwQ jaSzlq"
        size={32}
      >
        <div
          className="sc-gsTCUz hFdKcw"
          size={32}
          speed={500}
        >
          0 1 2 3 4 5 6 7 8 9 0
        </div>
      </div>
    </div>
    <div
      className="sc-eCssSg joIjEk"
    >
      <div
        className="sc-bdfBwQ jaSzlq"
        size={32}
      >
        <div
          className="sc-gsTCUz NaqoM"
          size={32}
          speed={500}
        >
          0 1 2 3 4 5 6 7 8 9 0
        </div>
      </div>
    </div>
    <div
      className="sc-eCssSg joIjEk"
    >
      <div
        className="sc-bdfBwQ knTiLa"
        size={32}
      >
        <div
          className="sc-gsTCUz dtabTQ"
          size={32}
          speed={500}
        >
          
        </div>
      </div>
    </div>
    <div
      className="sc-eCssSg joIjEk"
    >
      <div
        className="sc-bdfBwQ jaSzlq"
        size={32}
      >
        <div
          className="sc-gsTCUz NaqoM"
          size={32}
          speed={500}
        >
          0 1 2 3 4 5 6 7 8 9 0
        </div>
      </div>
    </div>
    <div
      className="sc-eCssSg joIjEk"
    >
      <div
        className="sc-bdfBwQ jaSzlq"
        size={32}
      >
        <div
          className="sc-gsTCUz NaqoM"
          size={32}
          speed={500}
        >
          0 1 2 3 4 5 6 7 8 9 0
        </div>
      </div>
    </div>
    <div
      className="sc-eCssSg joIjEk"
    >
      <div
        className="sc-bdfBwQ jaSzlq"
        size={32}
      >
        <div
          className="sc-gsTCUz NaqoM"
          size={32}
          speed={500}
        >
          0 1 2 3 4 5 6 7 8 9 0
        </div>
      </div>
    </div>
    <div
      className="sc-eCssSg joIjEk"
    >
      <div
        className="sc-bdfBwQ knTiLa"
        size={32}
      >
        <div
          className="sc-gsTCUz dtabTQ"
          size={32}
          speed={500}
        >
          
        </div>
      </div>
    </div>
  </div>
</div>
`;

exports[`Odometer Snapshots Size 1`] = `
<div
  className="sc-jSgupP gStqEO"
  size={80}
>
  <div
    className="sc-hKgILt kaTOvH"
  >
    <div
      className="sc-eCssSg joIjEk"
    >
      <div
        className="sc-bdfBwQ cmMcSK"
        size={80}
      >
        <div
          className="sc-gsTCUz bZhluV"
          size={80}
          speed={500}
        >
          1
        </div>
      </div>
    </div>
    <div
      className="sc-eCssSg joIjEk"
    >
      <div
        className="sc-bdfBwQ ewzOOo"
        size={80}
      >
        <div
          className="sc-gsTCUz bZhluV"
          size={80}
          speed={500}
        >
          
        </div>
      </div>
    </div>
    <div
      className="sc-eCssSg joIjEk"
    >
      <div
        className="sc-bdfBwQ cmMcSK"
        size={80}
      >
        <div
          className="sc-gsTCUz bZhluV"
          size={80}
          speed={500}
        >
          0
        </div>
      </div>
    </div>
    <div
      className="sc-eCssSg joIjEk"
    >
      <div
        className="sc-bdfBwQ cmMcSK"
        size={80}
      >
        <div
          className="sc-gsTCUz bZhluV"
          size={80}
          speed={500}
        >
          0
        </div>
      </div>
    </div>
    <div
      className="sc-eCssSg joIjEk"
    >
      <div
        className="sc-bdfBwQ cmMcSK"
        size={80}
      >
        <div
          className="sc-gsTCUz bZhluV"
          size={80}
          speed={500}
        >
          0
        </div>
      </div>
    </div>
    <div
      className="sc-eCssSg joIjEk"
    >
      <div
        className="sc-bdfBwQ cmMcSK"
        size={80}
      >
        <div
          className="sc-gsTCUz bZhluV"
          size={80}
          speed={500}
        >
          0
        </div>
      </div>
    </div>
    <div
      className="sc-eCssSg joIjEk"
    >
      <div
        className="sc-bdfBwQ cmMcSK"
        size={80}
      >
        <div
          className="sc-gsTCUz bZhluV"
          size={80}
          speed={500}
        >
          0
        </div>
      </div>
    </div>
    <div
      className="sc-eCssSg joIjEk"
    >
      <div
        className="sc-bdfBwQ ewzOOo"
        size={80}
      >
        <div
          className="sc-gsTCUz bZhluV"
          size={80}
          speed={500}
        >
          
        </div>
      </div>
    </div>
  </div>
  <div
    className="sc-dlfnbm iNghfF"
  >
    <div
      className="sc-eCssSg joIjEk"
    >
      <div
        className="sc-bdfBwQ cmMcSK"
        size={80}
      >
        <div
          className="sc-gsTCUz kDpxmx"
          size={80}
          speed={500}
        >
          0 1 2 3 4 5 6 7 8 9 0
        </div>
      </div>
    </div>
    <div
      className="sc-eCssSg joIjEk"
    >
      <div
        className="sc-bdfBwQ ewzOOo"
        size={80}
      >
        <div
          className="sc-gsTCUz jRDmTZ"
          size={80}
          speed={500}
        >
          
        </div>
      </div>
    </div>
    <div
      className="sc-eCssSg joIjEk"
    >
      <div
        className="sc-bdfBwQ cmMcSK"
        size={80}
      >
        <div
          className="sc-gsTCUz dLVhSx"
          size={80}
          speed={500}
        >
          0 1 2 3 4 5 6 7 8 9 0
        </div>
      </div>
    </div>
    <div
      className="sc-eCssSg joIjEk"
    >
      <div
        className="sc-bdfBwQ cmMcSK"
        size={80}
      >
        <div
          className="sc-gsTCUz dLVhSx"
          size={80}
          speed={500}
        >
          0 1 2 3 4 5 6 7 8 9 0
        </div>
      </div>
    </div>
    <div
      className="sc-eCssSg joIjEk"
    >
      <div
        className="sc-bdfBwQ cmMcSK"
        size={80}
      >
        <div
          className="sc-gsTCUz dLVhSx"
          size={80}
          speed={500}
        >
          0 1 2 3 4 5 6 7 8 9 0
        </div>
      </div>
    </div>
    <div
      className="sc-eCssSg joIjEk"
    >
      <div
        className="sc-bdfBwQ cmMcSK"
        size={80}
      >
        <div
          className="sc-gsTCUz dLVhSx"
          size={80}
          speed={500}
        >
          0 1 2 3 4 5 6 7 8 9 0
        </div>
      </div>
    </div>
    <div
      className="sc-eCssSg joIjEk"
    >
      <div
        className="sc-bdfBwQ cmMcSK"
        size={80}
      >
        <div
          className="sc-gsTCUz dLVhSx"
          size={80}
          speed={500}
        >
          0 1 2 3 4 5 6 7 8 9 0
        </div>
      </div>
    </div>
    <div
      className="sc-eCssSg joIjEk"
    >
      <div
        className="sc-bdfBwQ ewzOOo"
        size={80}
      >
        <div
          className="sc-gsTCUz jRDmTZ"
          size={80}
          speed={500}
        >
          
        </div>
      </div>
    </div>
  </div>
</div>
`;

exports[`Odometer Snapshots invalid number 1`] = `
<div
  className="sc-jSgupP cvmQij"
  size={32}
>
  <div
    className="sc-hKgILt kaTOvH"
  >
    <div
      className="sc-eCssSg joIjEk"
    >
      <div
        className="sc-bdfBwQ jaSzlq"
        size={32}
      >
        <div
          className="sc-gsTCUz jwbyBk"
          size={32}
          speed={500}
        >
          1
        </div>
      </div>
    </div>
    <div
      className="sc-eCssSg joIjEk"
    >
      <div
        className="sc-bdfBwQ jaSzlq"
        size={32}
      >
        <div
          className="sc-gsTCUz jwbyBk"
          size={32}
          speed={500}
        >
          0
        </div>
      </div>
    </div>
    <div
      className="sc-eCssSg joIjEk"
    >
      <div
        className="sc-bdfBwQ jaSzlq"
        size={32}
      >
        <div
          className="sc-gsTCUz jwbyBk"
          size={32}
          speed={500}
        >
          0
        </div>
      </div>
    </div>
    <div
      className="sc-eCssSg joIjEk"
    >
      <div
        className="sc-bdfBwQ knTiLa"
        size={32}
      >
        <div
          className="sc-gsTCUz jwbyBk"
          size={32}
          speed={500}
        >
          
        </div>
      </div>
    </div>
  </div>
  <div
    className="sc-dlfnbm iNghfF"
  >
    <div
      className="sc-eCssSg joIjEk"
    >
      <div
        className="sc-bdfBwQ jaSzlq"
        size={32}
      >
        <div
          className="sc-gsTCUz hFdKcw"
          size={32}
          speed={500}
        >
          0 1 2 3 4 5 6 7 8 9 0
        </div>
      </div>
    </div>
    <div
      className="sc-eCssSg joIjEk"
    >
      <div
        className="sc-bdfBwQ jaSzlq"
        size={32}
      >
        <div
          className="sc-gsTCUz NaqoM"
          size={32}
          speed={500}
        >
          0 1 2 3 4 5 6 7 8 9 0
        </div>
      </div>
    </div>
    <div
      className="sc-eCssSg joIjEk"
    >
      <div
        className="sc-bdfBwQ jaSzlq"
        size={32}
      >
        <div
          className="sc-gsTCUz NaqoM"
          size={32}
          speed={500}
        >
          0 1 2 3 4 5 6 7 8 9 0
        </div>
      </div>
    </div>
    <div
      className="sc-eCssSg joIjEk"
    >
      <div
        className="sc-bdfBwQ knTiLa"
        size={32}
      >
        <div
          className="sc-gsTCUz dtabTQ"
          size={32}
          speed={500}
        >
          
        </div>
      </div>
    </div>
  </div>
</div>
`;

exports[`Odometer Snapshots invalid separatorSteps 1`] = `
<div
  className="sc-jSgupP cvmQij"
  size={32}
>
  <div
    className="sc-hKgILt kaTOvH"
  >
    <div
      className="sc-eCssSg joIjEk"
    >
      <div
        className="sc-bdfBwQ jaSzlq"
        size={32}
      >
        <div
          className="sc-gsTCUz jwbyBk"
          size={32}
          speed={500}
        >
          1
        </div>
      </div>
    </div>
    <div
      className="sc-eCssSg joIjEk"
    >
      <div
        className="sc-bdfBwQ knTiLa"
        size={32}
      >
        <div
          className="sc-gsTCUz jwbyBk"
          size={32}
          speed={500}
        >
          
        </div>
      </div>
    </div>
    <div
      className="sc-eCssSg joIjEk"
    >
      <div
        className="sc-bdfBwQ jaSzlq"
        size={32}
      >
        <div
          className="sc-gsTCUz jwbyBk"
          size={32}
          speed={500}
        >
          0
        </div>
      </div>
    </div>
    <div
      className="sc-eCssSg joIjEk"
    >
      <div
        className="sc-bdfBwQ jaSzlq"
        size={32}
      >
        <div
          className="sc-gsTCUz jwbyBk"
          size={32}
          speed={500}
        >
          0
        </div>
      </div>
    </div>
    <div
      className="sc-eCssSg joIjEk"
    >
      <div
        className="sc-bdfBwQ jaSzlq"
        size={32}
      >
        <div
          className="sc-gsTCUz jwbyBk"
          size={32}
          speed={500}
        >
          0
        </div>
      </div>
    </div>
    <div
      className="sc-eCssSg joIjEk"
    >
      <div
        className="sc-bdfBwQ jaSzlq"
        size={32}
      >
        <div
          className="sc-gsTCUz jwbyBk"
          size={32}
          speed={500}
        >
          0
        </div>
      </div>
    </div>
    <div
      className="sc-eCssSg joIjEk"
    >
      <div
        className="sc-bdfBwQ jaSzlq"
        size={32}
      >
        <div
          className="sc-gsTCUz jwbyBk"
          size={32}
          speed={500}
        >
          0
        </div>
      </div>
    </div>
    <div
      className="sc-eCssSg joIjEk"
    >
      <div
        className="sc-bdfBwQ knTiLa"
        size={32}
      >
        <div
          className="sc-gsTCUz jwbyBk"
          size={32}
          speed={500}
        >
          
        </div>
      </div>
    </div>
  </div>
  <div
    className="sc-dlfnbm iNghfF"
  >
    <div
      className="sc-eCssSg joIjEk"
    >
      <div
        className="sc-bdfBwQ jaSzlq"
        size={32}
      >
        <div
          className="sc-gsTCUz hFdKcw"
          size={32}
          speed={500}
        >
          0 1 2 3 4 5 6 7 8 9 0
        </div>
      </div>
    </div>
    <div
      className="sc-eCssSg joIjEk"
    >
      <div
        className="sc-bdfBwQ knTiLa"
        size={32}
      >
        <div
          className="sc-gsTCUz dtabTQ"
          size={32}
          speed={500}
        >
          
        </div>
      </div>
    </div>
    <div
      className="sc-eCssSg joIjEk"
    >
      <div
        className="sc-bdfBwQ jaSzlq"
        size={32}
      >
        <div
          className="sc-gsTCUz NaqoM"
          size={32}
          speed={500}
        >
          0 1 2 3 4 5 6 7 8 9 0
        </div>
      </div>
    </div>
    <div
      className="sc-eCssSg joIjEk"
    >
      <div
        className="sc-bdfBwQ jaSzlq"
        size={32}
      >
        <div
          className="sc-gsTCUz NaqoM"
          size={32}
          speed={500}
        >
          0 1 2 3 4 5 6 7 8 9 0
        </div>
      </div>
    </div>
    <div
      className="sc-eCssSg joIjEk"
    >
      <div
        className="sc-bdfBwQ jaSzlq"
        size={32}
      >
        <div
          className="sc-gsTCUz NaqoM"
          size={32}
          speed={500}
        >
          0 1 2 3 4 5 6 7 8 9 0
        </div>
      </div>
    </div>
    <div
      className="sc-eCssSg joIjEk"
    >
      <div
        className="sc-bdfBwQ jaSzlq"
        size={32}
      >
        <div
          className="sc-gsTCUz NaqoM"
          size={32}
          speed={500}
        >
          0 1 2 3 4 5 6 7 8 9 0
        </div>
      </div>
    </div>
    <div
      className="sc-eCssSg joIjEk"
    >
      <div
        className="sc-bdfBwQ jaSzlq"
        size={32}
      >
        <div
          className="sc-gsTCUz NaqoM"
          size={32}
          speed={500}
        >
          0 1 2 3 4 5 6 7 8 9 0
        </div>
      </div>
    </div>
    <div
      className="sc-eCssSg joIjEk"
    >
      <div
        className="sc-bdfBwQ knTiLa"
        size={32}
      >
        <div
          className="sc-gsTCUz dtabTQ"
          size={32}
          speed={500}
        >
          
        </div>
      </div>
    </div>
  </div>
</div>
`;

exports[`Odometer Snapshots seperator steps 1`] = `
<div
  className="sc-jSgupP cvmQij"
  size={32}
>
  <div
    className="sc-hKgILt kaTOvH"
  >
    <div
      className="sc-eCssSg joIjEk"
    >
      <div
        className="sc-bdfBwQ jaSzlq"
        size={32}
      >
        <div
          className="sc-gsTCUz jwbyBk"
          size={32}
          speed={500}
        >
          1
        </div>
      </div>
    </div>
    <div
      className="sc-eCssSg joIjEk"
    >
      <div
        className="sc-bdfBwQ knTiLa"
        size={32}
      >
        <div
          className="sc-gsTCUz jwbyBk"
          size={32}
          speed={500}
        >
          
        </div>
      </div>
    </div>
    <div
      className="sc-eCssSg joIjEk"
    >
      <div
        className="sc-bdfBwQ jaSzlq"
        size={32}
      >
        <div
          className="sc-gsTCUz jwbyBk"
          size={32}
          speed={500}
        >
          0
        </div>
      </div>
    </div>
    <div
      className="sc-eCssSg joIjEk"
    >
      <div
        className="sc-bdfBwQ jaSzlq"
        size={32}
      >
        <div
          className="sc-gsTCUz jwbyBk"
          size={32}
          speed={500}
        >
          0
        </div>
      </div>
    </div>
    <div
      className="sc-eCssSg joIjEk"
    >
      <div
        className="sc-bdfBwQ jaSzlq"
        size={32}
      >
        <div
          className="sc-gsTCUz jwbyBk"
          size={32}
          speed={500}
        >
          0
        </div>
      </div>
    </div>
    <div
      className="sc-eCssSg joIjEk"
    >
      <div
        className="sc-bdfBwQ jaSzlq"
        size={32}
      >
        <div
          className="sc-gsTCUz jwbyBk"
          size={32}
          speed={500}
        >
          0
        </div>
      </div>
    </div>
    <div
      className="sc-eCssSg joIjEk"
    >
      <div
        className="sc-bdfBwQ jaSzlq"
        size={32}
      >
        <div
          className="sc-gsTCUz jwbyBk"
          size={32}
          speed={500}
        >
          0
        </div>
      </div>
    </div>
    <div
      className="sc-eCssSg joIjEk"
    >
      <div
        className="sc-bdfBwQ knTiLa"
        size={32}
      >
        <div
          className="sc-gsTCUz jwbyBk"
          size={32}
          speed={500}
        >
          
        </div>
      </div>
    </div>
  </div>
  <div
    className="sc-dlfnbm iNghfF"
  >
    <div
      className="sc-eCssSg joIjEk"
    >
      <div
        className="sc-bdfBwQ jaSzlq"
        size={32}
      >
        <div
          className="sc-gsTCUz hFdKcw"
          size={32}
          speed={500}
        >
          0 1 2 3 4 5 6 7 8 9 0
        </div>
      </div>
    </div>
    <div
      className="sc-eCssSg joIjEk"
    >
      <div
        className="sc-bdfBwQ knTiLa"
        size={32}
      >
        <div
          className="sc-gsTCUz dtabTQ"
          size={32}
          speed={500}
        >
          
        </div>
      </div>
    </div>
    <div
      className="sc-eCssSg joIjEk"
    >
      <div
        className="sc-bdfBwQ jaSzlq"
        size={32}
      >
        <div
          className="sc-gsTCUz NaqoM"
          size={32}
          speed={500}
        >
          0 1 2 3 4 5 6 7 8 9 0
        </div>
      </div>
    </div>
    <div
      className="sc-eCssSg joIjEk"
    >
      <div
        className="sc-bdfBwQ jaSzlq"
        size={32}
      >
        <div
          className="sc-gsTCUz NaqoM"
          size={32}
          speed={500}
        >
          0 1 2 3 4 5 6 7 8 9 0
        </div>
      </div>
    </div>
    <div
      className="sc-eCssSg joIjEk"
    >
      <div
        className="sc-bdfBwQ jaSzlq"
        size={32}
      >
        <div
          className="sc-gsTCUz NaqoM"
          size={32}
          speed={500}
        >
          0 1 2 3 4 5 6 7 8 9 0
        </div>
      </div>
    </div>
    <div
      className="sc-eCssSg joIjEk"
    >
      <div
        className="sc-bdfBwQ jaSzlq"
        size={32}
      >
        <div
          className="sc-gsTCUz NaqoM"
          size={32}
          speed={500}
        >
          0 1 2 3 4 5 6 7 8 9 0
        </div>
      </div>
    </div>
    <div
      className="sc-eCssSg joIjEk"
    >
      <div
        className="sc-bdfBwQ jaSzlq"
        size={32}
      >
        <div
          className="sc-gsTCUz NaqoM"
          size={32}
          speed={500}
        >
          0 1 2 3 4 5 6 7 8 9 0
        </div>
      </div>
    </div>
    <div
      className="sc-eCssSg joIjEk"
    >
      <div
        className="sc-bdfBwQ knTiLa"
        size={32}
      >
        <div
          className="sc-gsTCUz dtabTQ"
          size={32}
          speed={500}
        >
          
        </div>
      </div>
    </div>
  </div>
</div>
`;
