// Jest Snapshot v1, https://goo.gl/fbAQLP

exports[`Odometer Snapshots No props 1`] = `
<div
  className="sc-AxgMl kcxmaR"
  size={32}
>
  <div
    className="sc-AxhCb covZuw"
  >
    <div
      className="sc-AxhUy TyRul"
    >
      <div
        className="sc-AxjAm eYkkxf"
        size={32}
      >
        <div
          className="sc-AxirZ jtbbnW"
          size={32}
          speed={500}
        >
          0
        </div>
      </div>
    </div>
    <div
      className="sc-AxhUy TyRul"
    >
      <div
        className="sc-AxjAm jeqmff"
        size={32}
      >
        <div
          className="sc-AxirZ jtbbnW"
          size={32}
          speed={500}
        >
          
        </div>
      </div>
    </div>
  </div>
  <div
    className="sc-AxiKw dKfajs"
  >
    <div
      className="sc-AxhUy TyRul"
    >
      <div
        className="sc-AxjAm eYkkxf"
        size={32}
      >
        <div
          className="sc-AxirZ gqBRni"
          size={32}
          speed={500}
        >
          0 1 2 3 4 5 6 7 8 9 0
        </div>
      </div>
    </div>
    <div
      className="sc-AxhUy TyRul"
    >
      <div
        className="sc-AxjAm jeqmff"
        size={32}
      >
        <div
          className="sc-AxirZ JiWwe"
          size={32}
          speed={500}
        >
          
        </div>
      </div>
    </div>
  </div>
</div>
`;

exports[`Odometer Snapshots Number 1`] = `
<div
  className="sc-AxgMl kcxmaR"
  size={32}
>
  <div
    className="sc-AxhCb covZuw"
  >
    <div
      className="sc-AxhUy TyRul"
    >
      <div
        className="sc-AxjAm eYkkxf"
        size={32}
      >
        <div
          className="sc-AxirZ jtbbnW"
          size={32}
          speed={500}
        >
          1
        </div>
      </div>
    </div>
    <div
      className="sc-AxhUy TyRul"
    >
      <div
        className="sc-AxjAm eYkkxf"
        size={32}
      >
        <div
          className="sc-AxirZ jtbbnW"
          size={32}
          speed={500}
        >
          0
        </div>
      </div>
    </div>
    <div
      className="sc-AxhUy TyRul"
    >
      <div
        className="sc-AxjAm jeqmff"
        size={32}
      >
        <div
          className="sc-AxirZ jtbbnW"
          size={32}
          speed={500}
        >
          
        </div>
      </div>
    </div>
    <div
      className="sc-AxhUy TyRul"
    >
      <div
        className="sc-AxjAm eYkkxf"
        size={32}
      >
        <div
          className="sc-AxirZ jtbbnW"
          size={32}
          speed={500}
        >
          0
        </div>
      </div>
    </div>
    <div
      className="sc-AxhUy TyRul"
    >
      <div
        className="sc-AxjAm eYkkxf"
        size={32}
      >
        <div
          className="sc-AxirZ jtbbnW"
          size={32}
          speed={500}
        >
          0
        </div>
      </div>
    </div>
    <div
      className="sc-AxhUy TyRul"
    >
      <div
        className="sc-AxjAm eYkkxf"
        size={32}
      >
        <div
          className="sc-AxirZ jtbbnW"
          size={32}
          speed={500}
        >
          0
        </div>
      </div>
    </div>
    <div
      className="sc-AxhUy TyRul"
    >
      <div
        className="sc-AxjAm jeqmff"
        size={32}
      >
        <div
          className="sc-AxirZ jtbbnW"
          size={32}
          speed={500}
        >
          
        </div>
      </div>
    </div>
  </div>
  <div
    className="sc-AxiKw dKfajs"
  >
    <div
      className="sc-AxhUy TyRul"
    >
      <div
        className="sc-AxjAm eYkkxf"
        size={32}
      >
        <div
          className="sc-AxirZ hDoeem"
          size={32}
          speed={500}
        >
          0 1 2 3 4 5 6 7 8 9 0
        </div>
      </div>
    </div>
    <div
      className="sc-AxhUy TyRul"
    >
      <div
        className="sc-AxjAm eYkkxf"
        size={32}
      >
        <div
          className="sc-AxirZ gqBRni"
          size={32}
          speed={500}
        >
          0 1 2 3 4 5 6 7 8 9 0
        </div>
      </div>
    </div>
    <div
      className="sc-AxhUy TyRul"
    >
      <div
        className="sc-AxjAm jeqmff"
        size={32}
      >
        <div
          className="sc-AxirZ JiWwe"
          size={32}
          speed={500}
        >
          
        </div>
      </div>
    </div>
    <div
      className="sc-AxhUy TyRul"
    >
      <div
        className="sc-AxjAm eYkkxf"
        size={32}
      >
        <div
          className="sc-AxirZ gqBRni"
          size={32}
          speed={500}
        >
          0 1 2 3 4 5 6 7 8 9 0
        </div>
      </div>
    </div>
    <div
      className="sc-AxhUy TyRul"
    >
      <div
        className="sc-AxjAm eYkkxf"
        size={32}
      >
        <div
          className="sc-AxirZ gqBRni"
          size={32}
          speed={500}
        >
          0 1 2 3 4 5 6 7 8 9 0
        </div>
      </div>
    </div>
    <div
      className="sc-AxhUy TyRul"
    >
      <div
        className="sc-AxjAm eYkkxf"
        size={32}
      >
        <div
          className="sc-AxirZ gqBRni"
          size={32}
          speed={500}
        >
          0 1 2 3 4 5 6 7 8 9 0
        </div>
      </div>
    </div>
    <div
      className="sc-AxhUy TyRul"
    >
      <div
        className="sc-AxjAm jeqmff"
        size={32}
      >
        <div
          className="sc-AxirZ JiWwe"
          size={32}
          speed={500}
        >
          
        </div>
      </div>
    </div>
  </div>
</div>
`;

exports[`Odometer Snapshots Size 1`] = `
<div
  className="sc-AxgMl duAAsA"
  size={80}
>
  <div
    className="sc-AxhCb covZuw"
  >
    <div
      className="sc-AxhUy TyRul"
    >
      <div
        className="sc-AxjAm kZfSZD"
        size={80}
      >
        <div
          className="sc-AxirZ kyQpfz"
          size={80}
          speed={500}
        >
          1
        </div>
      </div>
    </div>
    <div
      className="sc-AxhUy TyRul"
    >
      <div
        className="sc-AxjAm fPUCKt"
        size={80}
      >
        <div
          className="sc-AxirZ kyQpfz"
          size={80}
          speed={500}
        >
          
        </div>
      </div>
    </div>
    <div
      className="sc-AxhUy TyRul"
    >
      <div
        className="sc-AxjAm kZfSZD"
        size={80}
      >
        <div
          className="sc-AxirZ kyQpfz"
          size={80}
          speed={500}
        >
          0
        </div>
      </div>
    </div>
    <div
      className="sc-AxhUy TyRul"
    >
      <div
        className="sc-AxjAm kZfSZD"
        size={80}
      >
        <div
          className="sc-AxirZ kyQpfz"
          size={80}
          speed={500}
        >
          0
        </div>
      </div>
    </div>
    <div
      className="sc-AxhUy TyRul"
    >
      <div
        className="sc-AxjAm kZfSZD"
        size={80}
      >
        <div
          className="sc-AxirZ kyQpfz"
          size={80}
          speed={500}
        >
          0
        </div>
      </div>
    </div>
    <div
      className="sc-AxhUy TyRul"
    >
      <div
        className="sc-AxjAm kZfSZD"
        size={80}
      >
        <div
          className="sc-AxirZ kyQpfz"
          size={80}
          speed={500}
        >
          0
        </div>
      </div>
    </div>
    <div
      className="sc-AxhUy TyRul"
    >
      <div
        className="sc-AxjAm kZfSZD"
        size={80}
      >
        <div
          className="sc-AxirZ kyQpfz"
          size={80}
          speed={500}
        >
          0
        </div>
      </div>
    </div>
    <div
      className="sc-AxhUy TyRul"
    >
      <div
        className="sc-AxjAm fPUCKt"
        size={80}
      >
        <div
          className="sc-AxirZ kyQpfz"
          size={80}
          speed={500}
        >
          
        </div>
      </div>
    </div>
  </div>
  <div
    className="sc-AxiKw dKfajs"
  >
    <div
      className="sc-AxhUy TyRul"
    >
      <div
        className="sc-AxjAm kZfSZD"
        size={80}
      >
        <div
          className="sc-AxirZ evdPcD"
          size={80}
          speed={500}
        >
          0 1 2 3 4 5 6 7 8 9 0
        </div>
      </div>
    </div>
    <div
      className="sc-AxhUy TyRul"
    >
      <div
        className="sc-AxjAm fPUCKt"
        size={80}
      >
        <div
          className="sc-AxirZ kxJZP"
          size={80}
          speed={500}
        >
          
        </div>
      </div>
    </div>
    <div
      className="sc-AxhUy TyRul"
    >
      <div
        className="sc-AxjAm kZfSZD"
        size={80}
      >
        <div
          className="sc-AxirZ kpTSlz"
          size={80}
          speed={500}
        >
          0 1 2 3 4 5 6 7 8 9 0
        </div>
      </div>
    </div>
    <div
      className="sc-AxhUy TyRul"
    >
      <div
        className="sc-AxjAm kZfSZD"
        size={80}
      >
        <div
          className="sc-AxirZ kpTSlz"
          size={80}
          speed={500}
        >
          0 1 2 3 4 5 6 7 8 9 0
        </div>
      </div>
    </div>
    <div
      className="sc-AxhUy TyRul"
    >
      <div
        className="sc-AxjAm kZfSZD"
        size={80}
      >
        <div
          className="sc-AxirZ kpTSlz"
          size={80}
          speed={500}
        >
          0 1 2 3 4 5 6 7 8 9 0
        </div>
      </div>
    </div>
    <div
      className="sc-AxhUy TyRul"
    >
      <div
        className="sc-AxjAm kZfSZD"
        size={80}
      >
        <div
          className="sc-AxirZ kpTSlz"
          size={80}
          speed={500}
        >
          0 1 2 3 4 5 6 7 8 9 0
        </div>
      </div>
    </div>
    <div
      className="sc-AxhUy TyRul"
    >
      <div
        className="sc-AxjAm kZfSZD"
        size={80}
      >
        <div
          className="sc-AxirZ kpTSlz"
          size={80}
          speed={500}
        >
          0 1 2 3 4 5 6 7 8 9 0
        </div>
      </div>
    </div>
    <div
      className="sc-AxhUy TyRul"
    >
      <div
        className="sc-AxjAm fPUCKt"
        size={80}
      >
        <div
          className="sc-AxirZ kxJZP"
          size={80}
          speed={500}
        >
          
        </div>
      </div>
    </div>
  </div>
</div>
`;

exports[`Odometer Snapshots invalid number 1`] = `
<div
  className="sc-AxgMl kcxmaR"
  size={32}
>
  <div
    className="sc-AxhCb covZuw"
  >
    <div
      className="sc-AxhUy TyRul"
    >
      <div
        className="sc-AxjAm eYkkxf"
        size={32}
      >
        <div
          className="sc-AxirZ jtbbnW"
          size={32}
          speed={500}
        >
          1
        </div>
      </div>
    </div>
    <div
      className="sc-AxhUy TyRul"
    >
      <div
        className="sc-AxjAm eYkkxf"
        size={32}
      >
        <div
          className="sc-AxirZ jtbbnW"
          size={32}
          speed={500}
        >
          0
        </div>
      </div>
    </div>
    <div
      className="sc-AxhUy TyRul"
    >
      <div
        className="sc-AxjAm eYkkxf"
        size={32}
      >
        <div
          className="sc-AxirZ jtbbnW"
          size={32}
          speed={500}
        >
          0
        </div>
      </div>
    </div>
    <div
      className="sc-AxhUy TyRul"
    >
      <div
        className="sc-AxjAm jeqmff"
        size={32}
      >
        <div
          className="sc-AxirZ jtbbnW"
          size={32}
          speed={500}
        >
          
        </div>
      </div>
    </div>
  </div>
  <div
    className="sc-AxiKw dKfajs"
  >
    <div
      className="sc-AxhUy TyRul"
    >
      <div
        className="sc-AxjAm eYkkxf"
        size={32}
      >
        <div
          className="sc-AxirZ hDoeem"
          size={32}
          speed={500}
        >
          0 1 2 3 4 5 6 7 8 9 0
        </div>
      </div>
    </div>
    <div
      className="sc-AxhUy TyRul"
    >
      <div
        className="sc-AxjAm eYkkxf"
        size={32}
      >
        <div
          className="sc-AxirZ gqBRni"
          size={32}
          speed={500}
        >
          0 1 2 3 4 5 6 7 8 9 0
        </div>
      </div>
    </div>
    <div
      className="sc-AxhUy TyRul"
    >
      <div
        className="sc-AxjAm eYkkxf"
        size={32}
      >
        <div
          className="sc-AxirZ gqBRni"
          size={32}
          speed={500}
        >
          0 1 2 3 4 5 6 7 8 9 0
        </div>
      </div>
    </div>
    <div
      className="sc-AxhUy TyRul"
    >
      <div
        className="sc-AxjAm jeqmff"
        size={32}
      >
        <div
          className="sc-AxirZ JiWwe"
          size={32}
          speed={500}
        >
          
        </div>
      </div>
    </div>
  </div>
</div>
`;

exports[`Odometer Snapshots invalid separatorSteps 1`] = `
<div
  className="sc-AxgMl kcxmaR"
  size={32}
>
  <div
    className="sc-AxhCb covZuw"
  >
    <div
      className="sc-AxhUy TyRul"
    >
      <div
        className="sc-AxjAm eYkkxf"
        size={32}
      >
        <div
          className="sc-AxirZ jtbbnW"
          size={32}
          speed={500}
        >
          1
        </div>
      </div>
    </div>
    <div
      className="sc-AxhUy TyRul"
    >
      <div
        className="sc-AxjAm jeqmff"
        size={32}
      >
        <div
          className="sc-AxirZ jtbbnW"
          size={32}
          speed={500}
        >
          
        </div>
      </div>
    </div>
    <div
      className="sc-AxhUy TyRul"
    >
      <div
        className="sc-AxjAm eYkkxf"
        size={32}
      >
        <div
          className="sc-AxirZ jtbbnW"
          size={32}
          speed={500}
        >
          0
        </div>
      </div>
    </div>
    <div
      className="sc-AxhUy TyRul"
    >
      <div
        className="sc-AxjAm eYkkxf"
        size={32}
      >
        <div
          className="sc-AxirZ jtbbnW"
          size={32}
          speed={500}
        >
          0
        </div>
      </div>
    </div>
    <div
      className="sc-AxhUy TyRul"
    >
      <div
        className="sc-AxjAm eYkkxf"
        size={32}
      >
        <div
          className="sc-AxirZ jtbbnW"
          size={32}
          speed={500}
        >
          0
        </div>
      </div>
    </div>
    <div
      className="sc-AxhUy TyRul"
    >
      <div
        className="sc-AxjAm eYkkxf"
        size={32}
      >
        <div
          className="sc-AxirZ jtbbnW"
          size={32}
          speed={500}
        >
          0
        </div>
      </div>
    </div>
    <div
      className="sc-AxhUy TyRul"
    >
      <div
        className="sc-AxjAm eYkkxf"
        size={32}
      >
        <div
          className="sc-AxirZ jtbbnW"
          size={32}
          speed={500}
        >
          0
        </div>
      </div>
    </div>
    <div
      className="sc-AxhUy TyRul"
    >
      <div
        className="sc-AxjAm jeqmff"
        size={32}
      >
        <div
          className="sc-AxirZ jtbbnW"
          size={32}
          speed={500}
        >
          
        </div>
      </div>
    </div>
  </div>
  <div
    className="sc-AxiKw dKfajs"
  >
    <div
      className="sc-AxhUy TyRul"
    >
      <div
        className="sc-AxjAm eYkkxf"
        size={32}
      >
        <div
          className="sc-AxirZ hDoeem"
          size={32}
          speed={500}
        >
          0 1 2 3 4 5 6 7 8 9 0
        </div>
      </div>
    </div>
    <div
      className="sc-AxhUy TyRul"
    >
      <div
        className="sc-AxjAm jeqmff"
        size={32}
      >
        <div
          className="sc-AxirZ JiWwe"
          size={32}
          speed={500}
        >
          
        </div>
      </div>
    </div>
    <div
      className="sc-AxhUy TyRul"
    >
      <div
        className="sc-AxjAm eYkkxf"
        size={32}
      >
        <div
          className="sc-AxirZ gqBRni"
          size={32}
          speed={500}
        >
          0 1 2 3 4 5 6 7 8 9 0
        </div>
      </div>
    </div>
    <div
      className="sc-AxhUy TyRul"
    >
      <div
        className="sc-AxjAm eYkkxf"
        size={32}
      >
        <div
          className="sc-AxirZ gqBRni"
          size={32}
          speed={500}
        >
          0 1 2 3 4 5 6 7 8 9 0
        </div>
      </div>
    </div>
    <div
      className="sc-AxhUy TyRul"
    >
      <div
        className="sc-AxjAm eYkkxf"
        size={32}
      >
        <div
          className="sc-AxirZ gqBRni"
          size={32}
          speed={500}
        >
          0 1 2 3 4 5 6 7 8 9 0
        </div>
      </div>
    </div>
    <div
      className="sc-AxhUy TyRul"
    >
      <div
        className="sc-AxjAm eYkkxf"
        size={32}
      >
        <div
          className="sc-AxirZ gqBRni"
          size={32}
          speed={500}
        >
          0 1 2 3 4 5 6 7 8 9 0
        </div>
      </div>
    </div>
    <div
      className="sc-AxhUy TyRul"
    >
      <div
        className="sc-AxjAm eYkkxf"
        size={32}
      >
        <div
          className="sc-AxirZ gqBRni"
          size={32}
          speed={500}
        >
          0 1 2 3 4 5 6 7 8 9 0
        </div>
      </div>
    </div>
    <div
      className="sc-AxhUy TyRul"
    >
      <div
        className="sc-AxjAm jeqmff"
        size={32}
      >
        <div
          className="sc-AxirZ JiWwe"
          size={32}
          speed={500}
        >
          
        </div>
      </div>
    </div>
  </div>
</div>
`;

exports[`Odometer Snapshots seperator steps 1`] = `
<div
  className="sc-AxgMl kcxmaR"
  size={32}
>
  <div
    className="sc-AxhCb covZuw"
  >
    <div
      className="sc-AxhUy TyRul"
    >
      <div
        className="sc-AxjAm eYkkxf"
        size={32}
      >
        <div
          className="sc-AxirZ jtbbnW"
          size={32}
          speed={500}
        >
          1
        </div>
      </div>
    </div>
    <div
      className="sc-AxhUy TyRul"
    >
      <div
        className="sc-AxjAm jeqmff"
        size={32}
      >
        <div
          className="sc-AxirZ jtbbnW"
          size={32}
          speed={500}
        >
          
        </div>
      </div>
    </div>
    <div
      className="sc-AxhUy TyRul"
    >
      <div
        className="sc-AxjAm eYkkxf"
        size={32}
      >
        <div
          className="sc-AxirZ jtbbnW"
          size={32}
          speed={500}
        >
          0
        </div>
      </div>
    </div>
    <div
      className="sc-AxhUy TyRul"
    >
      <div
        className="sc-AxjAm eYkkxf"
        size={32}
      >
        <div
          className="sc-AxirZ jtbbnW"
          size={32}
          speed={500}
        >
          0
        </div>
      </div>
    </div>
    <div
      className="sc-AxhUy TyRul"
    >
      <div
        className="sc-AxjAm eYkkxf"
        size={32}
      >
        <div
          className="sc-AxirZ jtbbnW"
          size={32}
          speed={500}
        >
          0
        </div>
      </div>
    </div>
    <div
      className="sc-AxhUy TyRul"
    >
      <div
        className="sc-AxjAm eYkkxf"
        size={32}
      >
        <div
          className="sc-AxirZ jtbbnW"
          size={32}
          speed={500}
        >
          0
        </div>
      </div>
    </div>
    <div
      className="sc-AxhUy TyRul"
    >
      <div
        className="sc-AxjAm eYkkxf"
        size={32}
      >
        <div
          className="sc-AxirZ jtbbnW"
          size={32}
          speed={500}
        >
          0
        </div>
      </div>
    </div>
    <div
      className="sc-AxhUy TyRul"
    >
      <div
        className="sc-AxjAm jeqmff"
        size={32}
      >
        <div
          className="sc-AxirZ jtbbnW"
          size={32}
          speed={500}
        >
          
        </div>
      </div>
    </div>
  </div>
  <div
    className="sc-AxiKw dKfajs"
  >
    <div
      className="sc-AxhUy TyRul"
    >
      <div
        className="sc-AxjAm eYkkxf"
        size={32}
      >
        <div
          className="sc-AxirZ hDoeem"
          size={32}
          speed={500}
        >
          0 1 2 3 4 5 6 7 8 9 0
        </div>
      </div>
    </div>
    <div
      className="sc-AxhUy TyRul"
    >
      <div
        className="sc-AxjAm jeqmff"
        size={32}
      >
        <div
          className="sc-AxirZ JiWwe"
          size={32}
          speed={500}
        >
          
        </div>
      </div>
    </div>
    <div
      className="sc-AxhUy TyRul"
    >
      <div
        className="sc-AxjAm eYkkxf"
        size={32}
      >
        <div
          className="sc-AxirZ gqBRni"
          size={32}
          speed={500}
        >
          0 1 2 3 4 5 6 7 8 9 0
        </div>
      </div>
    </div>
    <div
      className="sc-AxhUy TyRul"
    >
      <div
        className="sc-AxjAm eYkkxf"
        size={32}
      >
        <div
          className="sc-AxirZ gqBRni"
          size={32}
          speed={500}
        >
          0 1 2 3 4 5 6 7 8 9 0
        </div>
      </div>
    </div>
    <div
      className="sc-AxhUy TyRul"
    >
      <div
        className="sc-AxjAm eYkkxf"
        size={32}
      >
        <div
          className="sc-AxirZ gqBRni"
          size={32}
          speed={500}
        >
          0 1 2 3 4 5 6 7 8 9 0
        </div>
      </div>
    </div>
    <div
      className="sc-AxhUy TyRul"
    >
      <div
        className="sc-AxjAm eYkkxf"
        size={32}
      >
        <div
          className="sc-AxirZ gqBRni"
          size={32}
          speed={500}
        >
          0 1 2 3 4 5 6 7 8 9 0
        </div>
      </div>
    </div>
    <div
      className="sc-AxhUy TyRul"
    >
      <div
        className="sc-AxjAm eYkkxf"
        size={32}
      >
        <div
          className="sc-AxirZ gqBRni"
          size={32}
          speed={500}
        >
          0 1 2 3 4 5 6 7 8 9 0
        </div>
      </div>
    </div>
    <div
      className="sc-AxhUy TyRul"
    >
      <div
        className="sc-AxjAm jeqmff"
        size={32}
      >
        <div
          className="sc-AxirZ JiWwe"
          size={32}
          speed={500}
        >
          
        </div>
      </div>
    </div>
  </div>
</div>
`;
