// Jest Snapshot v1, https://goo.gl/fbAQLP

exports[`PostalCodeInput Snapshots No props 1`] = `
<div
  className="sc-fznyAO ftqjaM"
>
  <div
    className="sc-AxheI jmeqRy sc-fznZeY kIdrbW"
  >
    <input
      className="sc-Axmtr bDDSAq"
      maxLength={4}
      onChange={[Function]}
      pattern="[0-9]{4}"
      type="text"
      value=""
    />
  </div>
</div>
`;
