// Jest Snapshot v1, https://goo.gl/fbAQLP

exports[`PostalCodeInput Snapshots No props 1`] = `
<div
  className="sc-crrsfI ljqDII"
>
  <div
    className="sc-gKsewC hZEsHD sc-bqyKva hkiBwy"
  >
    <input
      className="sc-iBPRYJ kBha-dQ"
      maxLength={4}
      onChange={[Function]}
      onKeyUp={[Function]}
      pattern="[0-9]{4}"
      type="text"
      value=""
    />
  </div>
</div>
`;
