// Jest Snapshot v1, https://goo.gl/fbAQLP

exports[`splitListItem Snapshots More than 2 children 1`] = `
<ul
  className="sc-AxirZ hryhsZ"
>
  <li
    className="sc-AxjAm kbYePN"
  >
    <span>
      Amount
    </span>
    <span>
      500
    </span>
  </li>
  <li
    className="sc-AxjAm kbYePN"
  >
    <span>
      Amount
    </span>
    <span>
      1500
    </span>
  </li>
  <li
    className="sc-AxjAm kbYePN"
  >
    <span>
      Has three children!
    </span>
    <span>
      500
    </span>
  </li>
</ul>
`;

exports[`splitListItem Snapshots No props 1`] = `
<ul
  className="sc-AxirZ hryhsZ"
>
  <li
    className="sc-AxjAm kbYePN"
  >
    <span>
      Amount
    </span>
    <span>
      500
    </span>
  </li>
  <li
    className="sc-AxjAm kbYePN"
  >
    <span>
      Amount
    </span>
    <span>
      1500
    </span>
  </li>
  <li
    className="sc-AxjAm kbYePN"
  >
    <span>
      Has three children!
    </span>
    <span>
      500
    </span>
  </li>
</ul>
`;
