// Jest Snapshot v1, https://goo.gl/fbAQLP

exports[`Theme Provider Button Button 1`] = `
<button
  className="sc-AxjAm kHAlBU"
  onClick={null}
>
  Click me
</button>
`;

exports[`Theme Provider Button everything 1`] = `
<button
  className="sc-AxjAm kHAlBU"
  onClick={null}
>
  Click me
</button>
`;

exports[`Theme Provider Button logLevel 1`] = `
<button
  className="sc-AxjAm kHAlBU"
  onClick={null}
>
  Click me
</button>
`;
