// Jest Snapshot v1, https://goo.gl/fbAQLP

exports[`BankId Snapshots BankId 1`] = `
<svg
  height="16"
  viewBox="0 0 16 16"
  width="16"
  xmlns="http://www.w3.org/2000/svg"
>
  <rect
    height="2"
    width="5"
    y="3"
  />
  <rect
    height="2"
    width="5"
    x="11"
    y="3"
  />
  <rect
    height="2"
    width="5"
    x="11"
    y="6"
  />
  <rect
    height="2"
    width="4"
    x="6"
    y="6"
  />
  <rect
    height="2"
    width="5"
    y="9"
  />
  <rect
    height="2"
    width="4"
    x="6"
    y="9"
  />
  <rect
    height="2"
    width="5"
    y="12"
  />
  <rect
    height="2"
    width="5"
    x="11"
    y="12"
  />
</svg>
`;
