// Jest Snapshot v1, https://goo.gl/fbAQLP

exports[`PhoneInput Snapshots ID, children and label 1`] = `
<div
  className="sc-fzpans jRCOFi"
  id="test"
>
  <label
    className="sc-AxjAm hjwNwx"
    id="test"
  >
    test
  </label>
  <div
    className="sc-fzplWN hkvTOA"
    id="test"
  >
    <div
      className="sc-AxheI jmeqRy sc-fznKkj fyCGGL"
    >
      
      
      <input
        autoFocus={null}
        className="sc-Axmtr bDDSAq"
        disabled={false}
        hidden={false}
        id="test"
        name={null}
        onBlur={null}
        onChange={null}
        onKeyDown={null}
        placeholder={null}
        style={null}
        type="tel"
      >
        <p>
          test
        </p>
      </input>
    </div>
  </div>
</div>
`;
