// Jest Snapshot v1, https://goo.gl/fbAQLP

exports[`Form Snapshots Email 1`] = `
<form
  onSubmit={[Function]}
>
  <div
    className="sc-fzpans hIlNMX"
  >
    
    
    <input
      autoFocus={null}
      className="sc-fzplWN kUtfRN"
      disabled={false}
      hidden={false}
      id="epost"
      name="epost"
      onBlur={[Function]}
      onChange={[Function]}
      onKeyDown={null}
      placeholder="ola@nordmann.no"
      style={null}
      type="text"
      value=""
    />
  </div>
  <span>
     
  </span>
  <button
    className="sc-AxjAm ecAfij"
    onClick={[Function]}
    type="submit"
  >
    Søk nå
  </button>
</form>
`;

exports[`Form Snapshots Form 1`] = `
<form
  onSubmit={[Function]}
>
  <div
    className="sc-fzpans hIlNMX"
  >
    
    
    <input
      autoFocus={null}
      className="sc-fzplWN kUtfRN"
      disabled={false}
      hidden={false}
      id="epost"
      name="epost"
      onBlur={[Function]}
      onChange={[Function]}
      onKeyDown={null}
      placeholder="ola@nordmann.no"
      style={null}
      type="text"
      value=""
    />
  </div>
  <span>
     
  </span>
  <button
    className="sc-AxjAm ecAfij"
    onClick={[Function]}
    type="submit"
  >
    Søk nå
  </button>
</form>
`;

exports[`Form Snapshots Form 2`] = `
<form
  onSubmit={[Function]}
>
  <div
    className="sc-fzpans hIlNMX"
  >
    
    
    <input
      autoFocus={null}
      className="sc-fzplWN kUtfRN"
      disabled={false}
      hidden={false}
      id="epost"
      name="epost"
      onBlur={[Function]}
      onChange={[Function]}
      onKeyDown={null}
      placeholder="ola@nordmann.no"
      style={null}
      type="text"
      value=""
    />
  </div>
  <span>
     
  </span>
  <button
    className="sc-AxjAm ecAfij"
    onClick={[Function]}
    type="submit"
  >
    Søk nå
  </button>
</form>
`;

exports[`Form Snapshots bool 1`] = `
<form
  onSubmit={[Function]}
>
  <div
    className="sc-fzpans hIlNMX"
  >
    
    
    <input
      autoFocus={null}
      className="sc-fzplWN kUtfRN"
      disabled={false}
      hidden={false}
      id="epost"
      name="epost"
      onBlur={[Function]}
      onChange={[Function]}
      onKeyDown={null}
      placeholder="ola@nordmann.no"
      style={null}
      type="text"
      value=""
    />
  </div>
  <span>
     
  </span>
  <button
    className="sc-AxjAm ecAfij"
    onClick={[Function]}
    type="submit"
  >
    Søk nå
  </button>
</form>
`;

exports[`Form Snapshots number 1`] = `
<form
  onSubmit={[Function]}
>
  <div
    className="sc-fzpans hIlNMX"
  >
    
    
    <input
      autoFocus={null}
      className="sc-fzplWN kUtfRN"
      disabled={false}
      hidden={false}
      id="epost"
      name="epost"
      onBlur={[Function]}
      onChange={[Function]}
      onKeyDown={null}
      placeholder="ola@nordmann.no"
      style={null}
      type="text"
      value=""
    />
  </div>
  <span>
     
  </span>
  <button
    className="sc-AxjAm ecAfij"
    onClick={[Function]}
    type="submit"
  >
    Søk nå
  </button>
</form>
`;

exports[`Form Snapshots string 1`] = `
<form
  onSubmit={[Function]}
>
  <div
    className="sc-fzpans hIlNMX"
  >
    
    
    <input
      autoFocus={null}
      className="sc-fzplWN kUtfRN"
      disabled={false}
      hidden={false}
      id="epost"
      name="epost"
      onBlur={[Function]}
      onChange={[Function]}
      onKeyDown={null}
      placeholder="ola@nordmann.no"
      style={null}
      type="text"
      value=""
    />
  </div>
  <span>
     
  </span>
  <button
    className="sc-AxjAm ecAfij"
    onClick={[Function]}
    type="submit"
  >
    Søk nå
  </button>
</form>
`;

exports[`Form Snapshots url 1`] = `
<form
  onSubmit={[Function]}
>
  <div
    className="sc-fzpans hIlNMX"
  >
    
    
    <input
      autoFocus={null}
      className="sc-fzplWN kUtfRN"
      disabled={false}
      hidden={false}
      id="epost"
      name="epost"
      onBlur={[Function]}
      onChange={[Function]}
      onKeyDown={null}
      placeholder="ola@nordmann.no"
      style={null}
      type="text"
      value=""
    />
  </div>
  <span>
     
  </span>
  <button
    className="sc-AxjAm ecAfij"
    onClick={[Function]}
    type="submit"
  >
    Søk nå
  </button>
</form>
`;
